../Core/Src/driver_bmp280.c:101:16:a_bmp280_iic_spi_read	32	static
../Core/Src/driver_bmp280.c:134:16:a_bmp280_iic_spi_write	32	static
../Core/Src/driver_bmp280.c:164:16:a_bmp280_get_nvm_calibration	24	static
../Core/Src/driver_bmp280.c:278:16:a_bmp280_compensate_temperature	48	static
../Core/Src/driver_bmp280.c:318:16:a_bmp280_compensate_pressure	48	static
../Core/Src/driver_bmp280.c:372:9:bmp280_set_addr_pin	16	static
../Core/Src/driver_bmp280.c:392:9:bmp280_get_addr_pin	16	static
../Core/Src/driver_bmp280.c:412:9:bmp280_set_interface	16	static
../Core/Src/driver_bmp280.c:433:9:bmp280_get_interface	16	static
../Core/Src/driver_bmp280.c:458:9:bmp280_init	24	static
../Core/Src/driver_bmp280.c:588:9:bmp280_deinit	24	static
../Core/Src/driver_bmp280.c:646:9:bmp280_soft_reset	24	static
../Core/Src/driver_bmp280.c:681:9:bmp280_get_status	16	static
../Core/Src/driver_bmp280.c:712:9:bmp280_set_temperature_oversampling	24	static
../Core/Src/driver_bmp280.c:754:9:bmp280_get_temperatue_oversampling	24	static
../Core/Src/driver_bmp280.c:789:9:bmp280_set_pressure_oversampling	24	static
../Core/Src/driver_bmp280.c:831:9:bmp280_get_pressure_oversampling	24	static
../Core/Src/driver_bmp280.c:866:9:bmp280_set_mode	24	static
../Core/Src/driver_bmp280.c:907:9:bmp280_get_mode	24	static
../Core/Src/driver_bmp280.c:941:9:bmp280_set_standby_time	24	static
../Core/Src/driver_bmp280.c:983:9:bmp280_get_standby_time	24	static
../Core/Src/driver_bmp280.c:1018:9:bmp280_set_filter	24	static
../Core/Src/driver_bmp280.c:1059:9:bmp280_get_filter	24	static
../Core/Src/driver_bmp280.c:1093:9:bmp280_set_spi_wire	24	static
../Core/Src/driver_bmp280.c:1134:9:bmp280_get_spi_wire	24	static
../Core/Src/driver_bmp280.c:1171:9:bmp280_read_pressure	56	static
../Core/Src/driver_bmp280.c:1301:9:bmp280_read_temperature	40	static
../Core/Src/driver_bmp280.c:1415:9:bmp280_read_temperature_pressure	40	static
../Core/Src/driver_bmp280.c:1542:9:bmp280_set_reg	16	static
../Core/Src/driver_bmp280.c:1567:9:bmp280_get_reg	24	static
../Core/Src/driver_bmp280.c:1588:9:bmp280_info	16	static
