../Drivers/STM32WLxx_HAL_Driver/Inc/stm32wlxx_ll_bus.h:449:22:LL_AHB2_GRP1_EnableClock	24	static
../Core/Src/main.c:103:6:BMI270_WriteReg	112	static
../Core/Src/main.c:118:9:BMI270_ReadReg	40	static
../Core/Src/main.c:125:6:BMI270_ReadRegs	32	static
../Core/Src/main.c:130:19:BMI270_LoadConfigFile	88	static
../Core/Src/main.c:153:6:UART_Print	16	static
../Core/Src/main.c:157:7:BMI270_ReadTemperature	16	static
../Core/Src/main.c:164:6:get_nmea_field	32	static
../Core/Src/main.c:178:6:SHT21_Read	32	static
../Core/Src/main.c:199:6:tlv_pack_8	16	static
../Core/Src/main.c:206:6:tlv_pack_16	16	static
../Core/Src/main.c:214:6:tlv_pack_32	16	static
../Core/Src/main.c:223:6:tlv_pack_time	16	static
../Core/Src/main.c:231:6:tlv_pack_xyz	16	static
../Core/Src/main.c:242:6:tlv_pack_gps_coords	24	static
../Core/Src/main.c:255:9:nmea_to_int32	40	static
../Core/Src/main.c:267:9:build_telemetry_payload	24	static
../Core/Src/main.c:301:5:main	768	static
../Core/Src/main.c:625:6:SystemClock_Config	112	static
../Core/Src/main.c:664:13:MX_I2C3_Init	8	static
../Core/Src/main.c:709:13:MX_USART1_UART_Init	8	static
../Core/Src/main.c:754:13:MX_USART2_UART_Init	8	static
../Core/Src/main.c:799:13:MX_GPIO_Init	8	static
../Core/Src/main.c:815:6:HAL_UART_RxCpltCallback	16	static
../Core/Src/main.c:852:6:HAL_UART_ErrorCallback	16	static
../Core/Src/main.c:868:6:Error_Handler	4	static,ignoring_inline_asm
