../Drivers/STM32WLxx_HAL_Driver/Inc/stm32wlxx_ll_bus.h:449:22:LL_AHB2_GRP1_EnableClock	24	static
../Core/Src/main.c:76:6:SHT21_Read	32	static
../Core/Src/main.c:97:6:UART_Print	16	static
../Core/Src/main.c:108:5:main	248	static
../Core/Src/main.c:222:6:SystemClock_Config	112	static
../Core/Src/main.c:261:13:MX_I2C3_Init	8	static
../Core/Src/main.c:306:13:MX_USART2_UART_Init	8	static
../Core/Src/main.c:351:13:MX_GPIO_Init	8	static
../Core/Src/main.c:373:6:Error_Handler	4	static,ignoring_inline_asm
