../Drivers/STM32WLxx_HAL_Driver/Inc/stm32wlxx_ll_bus.h:449:22:LL_AHB2_GRP1_EnableClock	24	static
../Core/Src/main.c:161:6:BMI270_WriteReg	112	static
../Core/Src/main.c:176:9:BMI270_ReadReg	40	static
../Core/Src/main.c:183:6:BMI270_ReadRegs	32	static
../Core/Src/main.c:188:19:BMI270_LoadConfigFile	88	static
../Core/Src/main.c:211:6:UART_Print	16	static
../Core/Src/main.c:215:7:BMI270_ReadTemperature	16	static
../Core/Src/main.c:222:6:BMI270_Get_Data	32	static
../Core/Src/main.c:239:6:get_nmea_field	32	static
../Core/Src/main.c:253:6:SHT20_Read	32	static
../Core/Src/main.c:273:10:leerCanalADC	32	static
../Core/Src/main.c:287:7:leerVoltajeBateria	24	static
../Core/Src/main.c:297:9:voltajeASoC	40	static
../Core/Src/main.c:316:6:tlv_pack_8	16	static
../Core/Src/main.c:323:6:tlv_pack_16	16	static
../Core/Src/main.c:331:6:tlv_pack_32	16	static
../Core/Src/main.c:340:6:tlv_pack_time	16	static
../Core/Src/main.c:348:6:tlv_pack_xyz	16	static
../Core/Src/main.c:359:6:tlv_pack_gps_coords	24	static
../Core/Src/main.c:372:9:nmea_to_int32	40	static
../Core/Src/main.c:384:9:build_telemetry_payload	24	static
../Core/Src/main.c:423:5:main	1224	static
../Core/Src/main.c:820:6:SystemClock_Config	112	static
../Core/Src/main.c:859:13:MX_ADC_Init	24	static
../Core/Src/main.c:915:13:MX_I2C3_Init	8	static
../Core/Src/main.c:960:13:MX_SPI1_Init	8	static
../Core/Src/main.c:997:13:MX_USART1_UART_Init	8	static
../Core/Src/main.c:1042:13:MX_USART2_UART_Init	8	static
../Core/Src/main.c:1087:13:MX_GPIO_Init	32	static
../Core/Src/main.c:1114:6:HAL_UART_RxCpltCallback	16	static
../Core/Src/main.c:1156:6:HAL_UART_ErrorCallback	16	static
../Core/Src/main.c:1177:6:HAL_SPI_TxCpltCallback	16	static
../Core/Src/main.c:1190:6:Error_Handler	4	static,ignoring_inline_asm
