../Drivers/STM32WLxx_HAL_Driver/Inc/stm32wlxx_ll_bus.h:449:22:LL_AHB2_GRP1_EnableClock	1
../Core/Src/main.c:108:6:BMI270_WriteReg	2
../Core/Src/main.c:123:9:BMI270_ReadReg	1
../Core/Src/main.c:130:6:BMI270_ReadRegs	1
../Core/Src/main.c:135:19:BMI270_LoadConfigFile	2
../Core/Src/main.c:158:6:UART_Print	1
../Core/Src/main.c:162:7:BMI270_ReadTemperature	1
../Core/Src/main.c:169:6:BMI270_Get_Data	1
../Core/Src/main.c:186:6:get_nmea_field	6
../Core/Src/main.c:200:6:SHT20_Read	1
../Core/Src/main.c:221:6:tlv_pack_8	1
../Core/Src/main.c:228:6:tlv_pack_16	1
../Core/Src/main.c:236:6:tlv_pack_32	1
../Core/Src/main.c:245:6:tlv_pack_time	1
../Core/Src/main.c:253:6:tlv_pack_xyz	1
../Core/Src/main.c:264:6:tlv_pack_gps_coords	1
../Core/Src/main.c:277:9:nmea_to_int32	4
../Core/Src/main.c:289:9:build_telemetry_payload	2
../Core/Src/main.c:323:5:main	26
../Core/Src/main.c:628:6:SystemClock_Config	3
../Core/Src/main.c:667:13:MX_I2C3_Init	4
../Core/Src/main.c:712:13:MX_USART1_UART_Init	5
../Core/Src/main.c:757:13:MX_USART2_UART_Init	5
../Core/Src/main.c:802:13:MX_GPIO_Init	1
../Core/Src/main.c:818:6:HAL_UART_RxCpltCallback	8
../Core/Src/main.c:855:6:HAL_UART_ErrorCallback	3
../Core/Src/main.c:871:6:Error_Handler	1
