../Drivers/STM32WLxx_HAL_Driver/Inc/stm32wlxx_ll_bus.h:449:22:LL_AHB2_GRP1_EnableClock	1
../Core/Src/main.c:103:6:BMI270_WriteReg	2
../Core/Src/main.c:118:9:BMI270_ReadReg	1
../Core/Src/main.c:125:6:BMI270_ReadRegs	1
../Core/Src/main.c:130:19:BMI270_LoadConfigFile	2
../Core/Src/main.c:153:6:UART_Print	1
../Core/Src/main.c:157:7:BMI270_ReadTemperature	1
../Core/Src/main.c:164:6:get_nmea_field	6
../Core/Src/main.c:178:6:SHT21_Read	1
../Core/Src/main.c:199:6:tlv_pack_8	1
../Core/Src/main.c:206:6:tlv_pack_16	1
../Core/Src/main.c:214:6:tlv_pack_32	1
../Core/Src/main.c:223:6:tlv_pack_time	1
../Core/Src/main.c:231:6:tlv_pack_xyz	1
../Core/Src/main.c:242:6:tlv_pack_gps_coords	1
../Core/Src/main.c:255:9:nmea_to_int32	4
../Core/Src/main.c:273:5:main	24
../Core/Src/main.c:586:6:SystemClock_Config	3
../Core/Src/main.c:625:13:MX_I2C3_Init	4
../Core/Src/main.c:670:13:MX_USART1_UART_Init	5
../Core/Src/main.c:715:13:MX_USART2_UART_Init	5
../Core/Src/main.c:760:13:MX_GPIO_Init	1
../Core/Src/main.c:776:6:HAL_UART_RxCpltCallback	8
../Core/Src/main.c:813:6:HAL_UART_ErrorCallback	3
../Core/Src/main.c:829:6:Error_Handler	1
