09:40:10 **** Build of configuration Debug for project Prueba_tx_rak ****
make -j8 all 
arm-none-eabi-gcc "../SubGHz_Phy/App/subghz_phy_app.c" -mcpu=cortex-m4 -std=gnu11 -g3 -DDEBUG -DCORE_CM4 -DUSE_HAL_DRIVER -DSTM32WLE5xx -c -I../Core/Inc -I../Drivers/STM32WLxx_HAL_Driver/Inc -I../Drivers/STM32WLxx_HAL_Driver/Inc/Legacy -I../Drivers/CMSIS/Device/ST/STM32WLxx/Include -I../Drivers/CMSIS/Include -I../SubGHz_Phy/App -I../SubGHz_Phy/Target -I../Utilities/trace/adv_trace -I../Utilities/misc -I../Utilities/sequencer -I../Utilities/lpm/tiny_lpm -I../Utilities/timer -I../Drivers/BSP/RAK3172_board -I../Middlewares/Third_Party/SubGHz_Phy/radio_driver -O0 -ffunction-sections -fdata-sections -Wall -fstack-usage -fcyclomatic-complexity -MMD -MP -MF"SubGHz_Phy/App/subghz_phy_app.d" -MT"SubGHz_Phy/App/subghz_phy_app.o" --specs=nano.specs -mfloat-abi=soft -mthumb -o "SubGHz_Phy/App/subghz_phy_app.o"
arm-none-eabi-gcc -o "Prueba_tx_rak.elf" @"objects.list"   -mcpu=cortex-m4 -T"C:\Users\franc\Desktop\Pruebas RAK\STM32WLE5CCUX_FLASH.ld" --specs=nosys.specs -Wl,-Map="Prueba_tx_rak.map" -Wl,--gc-sections -static --specs=nano.specs -mfloat-abi=soft -mthumb -u _printf_float -Wl,--start-group -lc -lm -Wl,--end-group
S:/STM32CubeIDE_2.1.1/STM32CubeIDE/plugins/com.st.stm32cube.ide.mcu.externaltools.gnu-tools-for-stm32.14.3.rel1.win32_1.0.100.202602081740/tools/bin/../lib/gcc/arm-none-eabi/14.3.1/../../../../arm-none-eabi/bin/ld.exe: warning: Prueba_tx_rak.elf has a LOAD segment with RWX permissions
Finished building target: Prueba_tx_rak.elf
 
arm-none-eabi-size  Prueba_tx_rak.elf 
arm-none-eabi-objdump -h -S Prueba_tx_rak.elf  > "Prueba_tx_rak.list"
arm-none-eabi-objcopy  -O ihex Prueba_tx_rak.elf  "Prueba_tx_rak.hex"
   text	   data	    bss	    dec	    hex	filename
  95068	    504	   5016	 100588	  188ec	Prueba_tx_rak.elf
arm-none-eabi-objcopy  -O binary Prueba_tx_rak.elf  "Prueba_tx_rak.bin"
Finished building: default.size.stdout
 
Finished building: Prueba_tx_rak.hex
Finished building: Prueba_tx_rak.bin
 
 
Finished building: Prueba_tx_rak.list
 

09:40:17 Build Finished. 0 errors, 1 warnings. (took 7s.598ms)

