10:33:20 **** Build of configuration Debug for project sensores_integrados ****
make -j8 all 
arm-none-eabi-gcc "../Drivers/STM32WLxx_HAL_Driver/Src/stm32wlxx_hal.c" -mcpu=cortex-m4 -std=gnu11 -g3 -DDEBUG -DCORE_CM4 -DUSE_HAL_DRIVER -DSTM32WL55xx -c -I../Core/Inc -I../Drivers/STM32WLxx_HAL_Driver/Inc -I../Drivers/STM32WLxx_HAL_Driver/Inc/Legacy -I../Drivers/CMSIS/Device/ST/STM32WLxx/Include -I../Drivers/CMSIS/Include -O0 -ffunction-sections -fdata-sections -Wall -fstack-usage -fcyclomatic-complexity -MMD -MP -MF"Drivers/STM32WLxx_HAL_Driver/Src/stm32wlxx_hal.d" -MT"Drivers/STM32WLxx_HAL_Driver/Src/stm32wlxx_hal.o" --specs=nano.specs -mfloat-abi=soft -mthumb -o "Drivers/STM32WLxx_HAL_Driver/Src/stm32wlxx_hal.o"
arm-none-eabi-gcc "../Drivers/STM32WLxx_HAL_Driver/Src/stm32wlxx_hal_cortex.c" -mcpu=cortex-m4 -std=gnu11 -g3 -DDEBUG -DCORE_CM4 -DUSE_HAL_DRIVER -DSTM32WL55xx -c -I../Core/Inc -I../Drivers/STM32WLxx_HAL_Driver/Inc -I../Drivers/STM32WLxx_HAL_Driver/Inc/Legacy -I../Drivers/CMSIS/Device/ST/STM32WLxx/Include -I../Drivers/CMSIS/Include -O0 -ffunction-sections -fdata-sections -Wall -fstack-usage -fcyclomatic-complexity -MMD -MP -MF"Drivers/STM32WLxx_HAL_Driver/Src/stm32wlxx_hal_cortex.d" -MT"Drivers/STM32WLxx_HAL_Driver/Src/stm32wlxx_hal_cortex.o" --specs=nano.specs -mfloat-abi=soft -mthumb -o "Drivers/STM32WLxx_HAL_Driver/Src/stm32wlxx_hal_cortex.o"
arm-none-eabi-gcc "../Drivers/STM32WLxx_HAL_Driver/Src/stm32wlxx_hal_dma.c" -mcpu=cortex-m4 -std=gnu11 -g3 -DDEBUG -DCORE_CM4 -DUSE_HAL_DRIVER -DSTM32WL55xx -c -I../Core/Inc -I../Drivers/STM32WLxx_HAL_Driver/Inc -I../Drivers/STM32WLxx_HAL_Driver/Inc/Legacy -I../Drivers/CMSIS/Device/ST/STM32WLxx/Include -I../Drivers/CMSIS/Include -O0 -ffunction-sections -fdata-sections -Wall -fstack-usage -fcyclomatic-complexity -MMD -MP -MF"Drivers/STM32WLxx_HAL_Driver/Src/stm32wlxx_hal_dma.d" -MT"Drivers/STM32WLxx_HAL_Driver/Src/stm32wlxx_hal_dma.o" --specs=nano.specs -mfloat-abi=soft -mthumb -o "Drivers/STM32WLxx_HAL_Driver/Src/stm32wlxx_hal_dma.o"
arm-none-eabi-gcc "../Drivers/STM32WLxx_HAL_Driver/Src/stm32wlxx_hal_dma_ex.c" -mcpu=cortex-m4 -std=gnu11 -g3 -DDEBUG -DCORE_CM4 -DUSE_HAL_DRIVER -DSTM32WL55xx -c -I../Core/Inc -I../Drivers/STM32WLxx_HAL_Driver/Inc -I../Drivers/STM32WLxx_HAL_Driver/Inc/Legacy -I../Drivers/CMSIS/Device/ST/STM32WLxx/Include -I../Drivers/CMSIS/Include -O0 -ffunction-sections -fdata-sections -Wall -fstack-usage -fcyclomatic-complexity -MMD -MP -MF"Drivers/STM32WLxx_HAL_Driver/Src/stm32wlxx_hal_dma_ex.d" -MT"Drivers/STM32WLxx_HAL_Driver/Src/stm32wlxx_hal_dma_ex.o" --specs=nano.specs -mfloat-abi=soft -mthumb -o "Drivers/STM32WLxx_HAL_Driver/Src/stm32wlxx_hal_dma_ex.o"
arm-none-eabi-gcc "../Drivers/STM32WLxx_HAL_Driver/Src/stm32wlxx_hal_exti.c" -mcpu=cortex-m4 -std=gnu11 -g3 -DDEBUG -DCORE_CM4 -DUSE_HAL_DRIVER -DSTM32WL55xx -c -I../Core/Inc -I../Drivers/STM32WLxx_HAL_Driver/Inc -I../Drivers/STM32WLxx_HAL_Driver/Inc/Legacy -I../Drivers/CMSIS/Device/ST/STM32WLxx/Include -I../Drivers/CMSIS/Include -O0 -ffunction-sections -fdata-sections -Wall -fstack-usage -fcyclomatic-complexity -MMD -MP -MF"Drivers/STM32WLxx_HAL_Driver/Src/stm32wlxx_hal_exti.d" -MT"Drivers/STM32WLxx_HAL_Driver/Src/stm32wlxx_hal_exti.o" --specs=nano.specs -mfloat-abi=soft -mthumb -o "Drivers/STM32WLxx_HAL_Driver/Src/stm32wlxx_hal_exti.o"
arm-none-eabi-gcc "../Drivers/STM32WLxx_HAL_Driver/Src/stm32wlxx_hal_flash.c" -mcpu=cortex-m4 -std=gnu11 -g3 -DDEBUG -DCORE_CM4 -DUSE_HAL_DRIVER -DSTM32WL55xx -c -I../Core/Inc -I../Drivers/STM32WLxx_HAL_Driver/Inc -I../Drivers/STM32WLxx_HAL_Driver/Inc/Legacy -I../Drivers/CMSIS/Device/ST/STM32WLxx/Include -I../Drivers/CMSIS/Include -O0 -ffunction-sections -fdata-sections -Wall -fstack-usage -fcyclomatic-complexity -MMD -MP -MF"Drivers/STM32WLxx_HAL_Driver/Src/stm32wlxx_hal_flash.d" -MT"Drivers/STM32WLxx_HAL_Driver/Src/stm32wlxx_hal_flash.o" --specs=nano.specs -mfloat-abi=soft -mthumb -o "Drivers/STM32WLxx_HAL_Driver/Src/stm32wlxx_hal_flash.o"
arm-none-eabi-gcc "../Drivers/STM32WLxx_HAL_Driver/Src/stm32wlxx_hal_flash_ex.c" -mcpu=cortex-m4 -std=gnu11 -g3 -DDEBUG -DCORE_CM4 -DUSE_HAL_DRIVER -DSTM32WL55xx -c -I../Core/Inc -I../Drivers/STM32WLxx_HAL_Driver/Inc -I../Drivers/STM32WLxx_HAL_Driver/Inc/Legacy -I../Drivers/CMSIS/Device/ST/STM32WLxx/Include -I../Drivers/CMSIS/Include -O0 -ffunction-sections -fdata-sections -Wall -fstack-usage -fcyclomatic-complexity -MMD -MP -MF"Drivers/STM32WLxx_HAL_Driver/Src/stm32wlxx_hal_flash_ex.d" -MT"Drivers/STM32WLxx_HAL_Driver/Src/stm32wlxx_hal_flash_ex.o" --specs=nano.specs -mfloat-abi=soft -mthumb -o "Drivers/STM32WLxx_HAL_Driver/Src/stm32wlxx_hal_flash_ex.o"
arm-none-eabi-gcc "../Drivers/STM32WLxx_HAL_Driver/Src/stm32wlxx_hal_gpio.c" -mcpu=cortex-m4 -std=gnu11 -g3 -DDEBUG -DCORE_CM4 -DUSE_HAL_DRIVER -DSTM32WL55xx -c -I../Core/Inc -I../Drivers/STM32WLxx_HAL_Driver/Inc -I../Drivers/STM32WLxx_HAL_Driver/Inc/Legacy -I../Drivers/CMSIS/Device/ST/STM32WLxx/Include -I../Drivers/CMSIS/Include -O0 -ffunction-sections -fdata-sections -Wall -fstack-usage -fcyclomatic-complexity -MMD -MP -MF"Drivers/STM32WLxx_HAL_Driver/Src/stm32wlxx_hal_gpio.d" -MT"Drivers/STM32WLxx_HAL_Driver/Src/stm32wlxx_hal_gpio.o" --specs=nano.specs -mfloat-abi=soft -mthumb -o "Drivers/STM32WLxx_HAL_Driver/Src/stm32wlxx_hal_gpio.o"
arm-none-eabi-gcc "../Drivers/STM32WLxx_HAL_Driver/Src/stm32wlxx_hal_i2c.c" -mcpu=cortex-m4 -std=gnu11 -g3 -DDEBUG -DCORE_CM4 -DUSE_HAL_DRIVER -DSTM32WL55xx -c -I../Core/Inc -I../Drivers/STM32WLxx_HAL_Driver/Inc -I../Drivers/STM32WLxx_HAL_Driver/Inc/Legacy -I../Drivers/CMSIS/Device/ST/STM32WLxx/Include -I../Drivers/CMSIS/Include -O0 -ffunction-sections -fdata-sections -Wall -fstack-usage -fcyclomatic-complexity -MMD -MP -MF"Drivers/STM32WLxx_HAL_Driver/Src/stm32wlxx_hal_i2c.d" -MT"Drivers/STM32WLxx_HAL_Driver/Src/stm32wlxx_hal_i2c.o" --specs=nano.specs -mfloat-abi=soft -mthumb -o "Drivers/STM32WLxx_HAL_Driver/Src/stm32wlxx_hal_i2c.o"
arm-none-eabi-gcc "../Drivers/STM32WLxx_HAL_Driver/Src/stm32wlxx_hal_i2c_ex.c" -mcpu=cortex-m4 -std=gnu11 -g3 -DDEBUG -DCORE_CM4 -DUSE_HAL_DRIVER -DSTM32WL55xx -c -I../Core/Inc -I../Drivers/STM32WLxx_HAL_Driver/Inc -I../Drivers/STM32WLxx_HAL_Driver/Inc/Legacy -I../Drivers/CMSIS/Device/ST/STM32WLxx/Include -I../Drivers/CMSIS/Include -O0 -ffunction-sections -fdata-sections -Wall -fstack-usage -fcyclomatic-complexity -MMD -MP -MF"Drivers/STM32WLxx_HAL_Driver/Src/stm32wlxx_hal_i2c_ex.d" -MT"Drivers/STM32WLxx_HAL_Driver/Src/stm32wlxx_hal_i2c_ex.o" --specs=nano.specs -mfloat-abi=soft -mthumb -o "Drivers/STM32WLxx_HAL_Driver/Src/stm32wlxx_hal_i2c_ex.o"
arm-none-eabi-gcc "../Drivers/STM32WLxx_HAL_Driver/Src/stm32wlxx_hal_pwr.c" -mcpu=cortex-m4 -std=gnu11 -g3 -DDEBUG -DCORE_CM4 -DUSE_HAL_DRIVER -DSTM32WL55xx -c -I../Core/Inc -I../Drivers/STM32WLxx_HAL_Driver/Inc -I../Drivers/STM32WLxx_HAL_Driver/Inc/Legacy -I../Drivers/CMSIS/Device/ST/STM32WLxx/Include -I../Drivers/CMSIS/Include -O0 -ffunction-sections -fdata-sections -Wall -fstack-usage -fcyclomatic-complexity -MMD -MP -MF"Drivers/STM32WLxx_HAL_Driver/Src/stm32wlxx_hal_pwr.d" -MT"Drivers/STM32WLxx_HAL_Driver/Src/stm32wlxx_hal_pwr.o" --specs=nano.specs -mfloat-abi=soft -mthumb -o "Drivers/STM32WLxx_HAL_Driver/Src/stm32wlxx_hal_pwr.o"
arm-none-eabi-gcc "../Drivers/STM32WLxx_HAL_Driver/Src/stm32wlxx_hal_pwr_ex.c" -mcpu=cortex-m4 -std=gnu11 -g3 -DDEBUG -DCORE_CM4 -DUSE_HAL_DRIVER -DSTM32WL55xx -c -I../Core/Inc -I../Drivers/STM32WLxx_HAL_Driver/Inc -I../Drivers/STM32WLxx_HAL_Driver/Inc/Legacy -I../Drivers/CMSIS/Device/ST/STM32WLxx/Include -I../Drivers/CMSIS/Include -O0 -ffunction-sections -fdata-sections -Wall -fstack-usage -fcyclomatic-complexity -MMD -MP -MF"Drivers/STM32WLxx_HAL_Driver/Src/stm32wlxx_hal_pwr_ex.d" -MT"Drivers/STM32WLxx_HAL_Driver/Src/stm32wlxx_hal_pwr_ex.o" --specs=nano.specs -mfloat-abi=soft -mthumb -o "Drivers/STM32WLxx_HAL_Driver/Src/stm32wlxx_hal_pwr_ex.o"
arm-none-eabi-gcc "../Drivers/STM32WLxx_HAL_Driver/Src/stm32wlxx_hal_rcc.c" -mcpu=cortex-m4 -std=gnu11 -g3 -DDEBUG -DCORE_CM4 -DUSE_HAL_DRIVER -DSTM32WL55xx -c -I../Core/Inc -I../Drivers/STM32WLxx_HAL_Driver/Inc -I../Drivers/STM32WLxx_HAL_Driver/Inc/Legacy -I../Drivers/CMSIS/Device/ST/STM32WLxx/Include -I../Drivers/CMSIS/Include -O0 -ffunction-sections -fdata-sections -Wall -fstack-usage -fcyclomatic-complexity -MMD -MP -MF"Drivers/STM32WLxx_HAL_Driver/Src/stm32wlxx_hal_rcc.d" -MT"Drivers/STM32WLxx_HAL_Driver/Src/stm32wlxx_hal_rcc.o" --specs=nano.specs -mfloat-abi=soft -mthumb -o "Drivers/STM32WLxx_HAL_Driver/Src/stm32wlxx_hal_rcc.o"
arm-none-eabi-gcc "../Drivers/STM32WLxx_HAL_Driver/Src/stm32wlxx_hal_rcc_ex.c" -mcpu=cortex-m4 -std=gnu11 -g3 -DDEBUG -DCORE_CM4 -DUSE_HAL_DRIVER -DSTM32WL55xx -c -I../Core/Inc -I../Drivers/STM32WLxx_HAL_Driver/Inc -I../Drivers/STM32WLxx_HAL_Driver/Inc/Legacy -I../Drivers/CMSIS/Device/ST/STM32WLxx/Include -I../Drivers/CMSIS/Include -O0 -ffunction-sections -fdata-sections -Wall -fstack-usage -fcyclomatic-complexity -MMD -MP -MF"Drivers/STM32WLxx_HAL_Driver/Src/stm32wlxx_hal_rcc_ex.d" -MT"Drivers/STM32WLxx_HAL_Driver/Src/stm32wlxx_hal_rcc_ex.o" --specs=nano.specs -mfloat-abi=soft -mthumb -o "Drivers/STM32WLxx_HAL_Driver/Src/stm32wlxx_hal_rcc_ex.o"
arm-none-eabi-gcc "../Drivers/STM32WLxx_HAL_Driver/Src/stm32wlxx_hal_uart.c" -mcpu=cortex-m4 -std=gnu11 -g3 -DDEBUG -DCORE_CM4 -DUSE_HAL_DRIVER -DSTM32WL55xx -c -I../Core/Inc -I../Drivers/STM32WLxx_HAL_Driver/Inc -I../Drivers/STM32WLxx_HAL_Driver/Inc/Legacy -I../Drivers/CMSIS/Device/ST/STM32WLxx/Include -I../Drivers/CMSIS/Include -O0 -ffunction-sections -fdata-sections -Wall -fstack-usage -fcyclomatic-complexity -MMD -MP -MF"Drivers/STM32WLxx_HAL_Driver/Src/stm32wlxx_hal_uart.d" -MT"Drivers/STM32WLxx_HAL_Driver/Src/stm32wlxx_hal_uart.o" --specs=nano.specs -mfloat-abi=soft -mthumb -o "Drivers/STM32WLxx_HAL_Driver/Src/stm32wlxx_hal_uart.o"
arm-none-eabi-gcc "../Drivers/STM32WLxx_HAL_Driver/Src/stm32wlxx_hal_uart_ex.c" -mcpu=cortex-m4 -std=gnu11 -g3 -DDEBUG -DCORE_CM4 -DUSE_HAL_DRIVER -DSTM32WL55xx -c -I../Core/Inc -I../Drivers/STM32WLxx_HAL_Driver/Inc -I../Drivers/STM32WLxx_HAL_Driver/Inc/Legacy -I../Drivers/CMSIS/Device/ST/STM32WLxx/Include -I../Drivers/CMSIS/Include -O0 -ffunction-sections -fdata-sections -Wall -fstack-usage -fcyclomatic-complexity -MMD -MP -MF"Drivers/STM32WLxx_HAL_Driver/Src/stm32wlxx_hal_uart_ex.d" -MT"Drivers/STM32WLxx_HAL_Driver/Src/stm32wlxx_hal_uart_ex.o" --specs=nano.specs -mfloat-abi=soft -mthumb -o "Drivers/STM32WLxx_HAL_Driver/Src/stm32wlxx_hal_uart_ex.o"
arm-none-eabi-gcc -mcpu=cortex-m4 -g3 -DDEBUG -c -x assembler-with-cpp -MMD -MP -MF"Core/Startup/startup_stm32wl55jcix.d" -MT"Core/Startup/startup_stm32wl55jcix.o" --specs=nano.specs -mfloat-abi=soft -mthumb -o "Core/Startup/startup_stm32wl55jcix.o" "../Core/Startup/startup_stm32wl55jcix.s"
arm-none-eabi-gcc "../Core/Src/bmi270_config.c" -mcpu=cortex-m4 -std=gnu11 -g3 -DDEBUG -DCORE_CM4 -DUSE_HAL_DRIVER -DSTM32WL55xx -c -I../Core/Inc -I../Drivers/STM32WLxx_HAL_Driver/Inc -I../Drivers/STM32WLxx_HAL_Driver/Inc/Legacy -I../Drivers/CMSIS/Device/ST/STM32WLxx/Include -I../Drivers/CMSIS/Include -O0 -ffunction-sections -fdata-sections -Wall -fstack-usage -fcyclomatic-complexity -MMD -MP -MF"Core/Src/bmi270_config.d" -MT"Core/Src/bmi270_config.o" --specs=nano.specs -mfloat-abi=soft -mthumb -o "Core/Src/bmi270_config.o"
arm-none-eabi-gcc "../Core/Src/driver_bmp280.c" -mcpu=cortex-m4 -std=gnu11 -g3 -DDEBUG -DCORE_CM4 -DUSE_HAL_DRIVER -DSTM32WL55xx -c -I../Core/Inc -I../Drivers/STM32WLxx_HAL_Driver/Inc -I../Drivers/STM32WLxx_HAL_Driver/Inc/Legacy -I../Drivers/CMSIS/Device/ST/STM32WLxx/Include -I../Drivers/CMSIS/Include -O0 -ffunction-sections -fdata-sections -Wall -fstack-usage -fcyclomatic-complexity -MMD -MP -MF"Core/Src/driver_bmp280.d" -MT"Core/Src/driver_bmp280.o" --specs=nano.specs -mfloat-abi=soft -mthumb -o "Core/Src/driver_bmp280.o"
arm-none-eabi-gcc "../Core/Src/driver_bmp280_interface.c" -mcpu=cortex-m4 -std=gnu11 -g3 -DDEBUG -DCORE_CM4 -DUSE_HAL_DRIVER -DSTM32WL55xx -c -I../Core/Inc -I../Drivers/STM32WLxx_HAL_Driver/Inc -I../Drivers/STM32WLxx_HAL_Driver/Inc/Legacy -I../Drivers/CMSIS/Device/ST/STM32WLxx/Include -I../Drivers/CMSIS/Include -O0 -ffunction-sections -fdata-sections -Wall -fstack-usage -fcyclomatic-complexity -MMD -MP -MF"Core/Src/driver_bmp280_interface.d" -MT"Core/Src/driver_bmp280_interface.o" --specs=nano.specs -mfloat-abi=soft -mthumb -o "Core/Src/driver_bmp280_interface.o"
arm-none-eabi-gcc "../Core/Src/main.c" -mcpu=cortex-m4 -std=gnu11 -g3 -DDEBUG -DCORE_CM4 -DUSE_HAL_DRIVER -DSTM32WL55xx -c -I../Core/Inc -I../Drivers/STM32WLxx_HAL_Driver/Inc -I../Drivers/STM32WLxx_HAL_Driver/Inc/Legacy -I../Drivers/CMSIS/Device/ST/STM32WLxx/Include -I../Drivers/CMSIS/Include -O0 -ffunction-sections -fdata-sections -Wall -fstack-usage -fcyclomatic-complexity -MMD -MP -MF"Core/Src/main.d" -MT"Core/Src/main.o" --specs=nano.specs -mfloat-abi=soft -mthumb -o "Core/Src/main.o"
arm-none-eabi-gcc "../Core/Src/stm32wlxx_hal_msp.c" -mcpu=cortex-m4 -std=gnu11 -g3 -DDEBUG -DCORE_CM4 -DUSE_HAL_DRIVER -DSTM32WL55xx -c -I../Core/Inc -I../Drivers/STM32WLxx_HAL_Driver/Inc -I../Drivers/STM32WLxx_HAL_Driver/Inc/Legacy -I../Drivers/CMSIS/Device/ST/STM32WLxx/Include -I../Drivers/CMSIS/Include -O0 -ffunction-sections -fdata-sections -Wall -fstack-usage -fcyclomatic-complexity -MMD -MP -MF"Core/Src/stm32wlxx_hal_msp.d" -MT"Core/Src/stm32wlxx_hal_msp.o" --specs=nano.specs -mfloat-abi=soft -mthumb -o "Core/Src/stm32wlxx_hal_msp.o"
arm-none-eabi-gcc "../Core/Src/stm32wlxx_it.c" -mcpu=cortex-m4 -std=gnu11 -g3 -DDEBUG -DCORE_CM4 -DUSE_HAL_DRIVER -DSTM32WL55xx -c -I../Core/Inc -I../Drivers/STM32WLxx_HAL_Driver/Inc -I../Drivers/STM32WLxx_HAL_Driver/Inc/Legacy -I../Drivers/CMSIS/Device/ST/STM32WLxx/Include -I../Drivers/CMSIS/Include -O0 -ffunction-sections -fdata-sections -Wall -fstack-usage -fcyclomatic-complexity -MMD -MP -MF"Core/Src/stm32wlxx_it.d" -MT"Core/Src/stm32wlxx_it.o" --specs=nano.specs -mfloat-abi=soft -mthumb -o "Core/Src/stm32wlxx_it.o"
arm-none-eabi-gcc "../Core/Src/syscalls.c" -mcpu=cortex-m4 -std=gnu11 -g3 -DDEBUG -DCORE_CM4 -DUSE_HAL_DRIVER -DSTM32WL55xx -c -I../Core/Inc -I../Drivers/STM32WLxx_HAL_Driver/Inc -I../Drivers/STM32WLxx_HAL_Driver/Inc/Legacy -I../Drivers/CMSIS/Device/ST/STM32WLxx/Include -I../Drivers/CMSIS/Include -O0 -ffunction-sections -fdata-sections -Wall -fstack-usage -fcyclomatic-complexity -MMD -MP -MF"Core/Src/syscalls.d" -MT"Core/Src/syscalls.o" --specs=nano.specs -mfloat-abi=soft -mthumb -o "Core/Src/syscalls.o"
arm-none-eabi-gcc "../Core/Src/sysmem.c" -mcpu=cortex-m4 -std=gnu11 -g3 -DDEBUG -DCORE_CM4 -DUSE_HAL_DRIVER -DSTM32WL55xx -c -I../Core/Inc -I../Drivers/STM32WLxx_HAL_Driver/Inc -I../Drivers/STM32WLxx_HAL_Driver/Inc/Legacy -I../Drivers/CMSIS/Device/ST/STM32WLxx/Include -I../Drivers/CMSIS/Include -O0 -ffunction-sections -fdata-sections -Wall -fstack-usage -fcyclomatic-complexity -MMD -MP -MF"Core/Src/sysmem.d" -MT"Core/Src/sysmem.o" --specs=nano.specs -mfloat-abi=soft -mthumb -o "Core/Src/sysmem.o"
arm-none-eabi-gcc "../Core/Src/system_stm32wlxx.c" -mcpu=cortex-m4 -std=gnu11 -g3 -DDEBUG -DCORE_CM4 -DUSE_HAL_DRIVER -DSTM32WL55xx -c -I../Core/Inc -I../Drivers/STM32WLxx_HAL_Driver/Inc -I../Drivers/STM32WLxx_HAL_Driver/Inc/Legacy -I../Drivers/CMSIS/Device/ST/STM32WLxx/Include -I../Drivers/CMSIS/Include -O0 -ffunction-sections -fdata-sections -Wall -fstack-usage -fcyclomatic-complexity -MMD -MP -MF"Core/Src/system_stm32wlxx.d" -MT"Core/Src/system_stm32wlxx.o" --specs=nano.specs -mfloat-abi=soft -mthumb -o "Core/Src/system_stm32wlxx.o"
arm-none-eabi-gcc -o "sensores_integrados.elf" @"objects.list"   -mcpu=cortex-m4 -T"C:\Users\franc\STM32CubeIDE\workspace_2.1.2\gps\STM32WL55JCIX_FLASH.ld" --specs=nosys.specs -Wl,-Map="sensores_integrados.map" -Wl,--gc-sections -static --specs=nano.specs -mfloat-abi=soft -mthumb -u _printf_float -Wl,--start-group -lc -lm -Wl,--end-group
Finished building target: sensores_integrados.elf
 
arm-none-eabi-size  sensores_integrados.elf 
arm-none-eabi-objdump -h -S sensores_integrados.elf  > "sensores_integrados.list"
   text	   data	    bss	    dec	    hex	filename
  69428	    472	   3056	  72956	  11cfc	sensores_integrados.elf
Finished building: default.size.stdout
 
Finished building: sensores_integrados.list
 

10:33:36 Build Finished. 0 errors, 0 warnings. (took 16s.302ms)

