09:40:18 **** Incremental Build of configuration Debug for project SHT21 ****
make -j8 all 
arm-none-eabi-gcc "../Core/Src/main.c" -mcpu=cortex-m4 -std=gnu11 -g3 -DDEBUG -DCORE_CM4 -DUSE_HAL_DRIVER -DSTM32WL55xx -c -I../Core/Inc -I../Drivers/STM32WLxx_HAL_Driver/Inc -I../Drivers/STM32WLxx_HAL_Driver/Inc/Legacy -I../Drivers/CMSIS/Device/ST/STM32WLxx/Include -I../Drivers/CMSIS/Include -O0 -ffunction-sections -fdata-sections -Wall -fstack-usage -fcyclomatic-complexity -MMD -MP -MF"Core/Src/main.d" -MT"Core/Src/main.o" --specs=nano.specs -mfloat-abi=soft -mthumb -o "Core/Src/main.o"
arm-none-eabi-gcc -o "SHT21.elf" @"objects.list"   -mcpu=cortex-m4 -T"C:\Users\franc\STM32CubeIDE\workspace_2.1.2\SHT21\STM32WL55JCIX_FLASH.ld" --specs=nosys.specs -Wl,-Map="SHT21.map" -Wl,--gc-sections -static --specs=nano.specs -mfloat-abi=soft -mthumb -u _printf_float -Wl,--start-group -lc -lm -Wl,--end-group
Finished building target: SHT21.elf
 
arm-none-eabi-size  SHT21.elf 
arm-none-eabi-objdump -h -S SHT21.elf  > "SHT21.list"
   text	   data	    bss	    dec	    hex	filename
  46624	    468	   2212	  49304	   c098	SHT21.elf
Finished building: default.size.stdout
 
Finished building: SHT21.list
 

09:40:20 Build Finished. 0 errors, 0 warnings. (took 2s.346ms)

